{
  "version": "1.5.0",
  "plugins_used": [
    {
      "name": "ArtifactoryDetector"
    },
    {
      "name": "AWSKeyDetector"
    },
    {
      "name": "AzureStorageKeyDetector"
    },
    {
      "name": "Base64HighEntropyString",
      "limit": 4.5
    },
    {
      "name": "BasicAuthDetector"
    },
    {
      "name": "CloudantDetector"
    },
    {
      "name": "DiscordBotTokenDetector"
    },
    {
      "name": "GitHubTokenDetector"
    },
    {
      "name": "GitLabTokenDetector"
    },
    {
      "name": "HexHighEntropyString",
      "limit": 3.0
    },
    {
      "name": "IbmCloudIamDetector"
    },
    {
      "name": "IbmCosHmacDetector"
    },
    {
      "name": "IPPublicDetector"
    },
    {
      "name": "JwtTokenDetector"
    },
    {
      "name": "KeywordDetector",
      "keyword_exclude": ""
    },
    {
      "name": "MailchimpDetector"
    },
    {
      "name": "NpmDetector"
    },
    {
      "name": "OpenAIDetector"
    },
    {
      "name": "PrivateKeyDetector"
    },
    {
      "name": "PypiTokenDetector"
    },
    {
      "name": "SendGridDetector"
    },
    {
      "name": "SlackDetector"
    },
    {
      "name": "SoftlayerDetector"
    },
    {
      "name": "SquareOAuthDetector"
    },
    {
      "name": "StripeDetector"
    },
    {
      "name": "TelegramBotTokenDetector"
    },
    {
      "name": "TwilioKeyDetector"
    }
  ],
  "filters_used": [
    {
      "path": "detect_secrets.filters.allowlist.is_line_allowlisted"
    },
    {
      "path": "detect_secrets.filters.common.is_ignored_due_to_verification_policies",
      "min_level": 2
    },
    {
      "path": "detect_secrets.filters.heuristic.is_indirect_reference"
    },
    {
      "path": "detect_secrets.filters.heuristic.is_likely_id_string"
    },
    {
      "path": "detect_secrets.filters.heuristic.is_lock_file"
    },
    {
      "path": "detect_secrets.filters.heuristic.is_not_alphanumeric_string"
    },
    {
      "path": "detect_secrets.filters.heuristic.is_potential_uuid"
    },
    {
      "path": "detect_secrets.filters.heuristic.is_prefixed_with_dollar_sign"
    },
    {
      "path": "detect_secrets.filters.heuristic.is_sequential_string"
    },
    {
      "path": "detect_secrets.filters.heuristic.is_swagger_file"
    },
    {
      "path": "detect_secrets.filters.heuristic.is_templated_secret"
    }
  ],
  "results": {
    "probes\\prompt_test\\runs\\02_20260731T093512.437864Z\\manifest.json": [
      {
        "type": "Hex High Entropy String",
        "filename": "probes\\prompt_test\\runs\\02_20260731T093512.437864Z\\manifest.json",
        "hashed_secret": "ae74cac7d02876aa97afbb3a69f3140b0b94e5df",
        "is_verified": false,
        "line_number": 18
      },
      {
        "type": "Hex High Entropy String",
        "filename": "probes\\prompt_test\\runs\\02_20260731T093512.437864Z\\manifest.json",
        "hashed_secret": "540d1b83a99245f0a36ab3da26320a153a0bb2ea",
        "is_verified": false,
        "line_number": 22
      },
      {
        "type": "Hex High Entropy String",
        "filename": "probes\\prompt_test\\runs\\02_20260731T093512.437864Z\\manifest.json",
        "hashed_secret": "5124153ab6e88f154b1e816038afa586bac10881",
        "is_verified": false,
        "line_number": 25
      },
      {
        "type": "Hex High Entropy String",
        "filename": "probes\\prompt_test\\runs\\02_20260731T093512.437864Z\\manifest.json",
        "hashed_secret": "6ffa6422ea8652e56b2b7d15ecf854e00d559d93",
        "is_verified": false,
        "line_number": 26
      },
      {
        "type": "Hex High Entropy String",
        "filename": "probes\\prompt_test\\runs\\02_20260731T093512.437864Z\\manifest.json",
        "hashed_secret": "9bec523687d388603626c8ff167e769254fc0475",
        "is_verified": false,
        "line_number": 27
      },
      {
        "type": "Hex High Entropy String",
        "filename": "probes\\prompt_test\\runs\\02_20260731T093512.437864Z\\manifest.json",
        "hashed_secret": "1e4a8a7a937347e2cbfe134ab05ff751bd329a4a",
        "is_verified": false,
        "line_number": 35
      },
      {
        "type": "Hex High Entropy String",
        "filename": "probes\\prompt_test\\runs\\02_20260731T093512.437864Z\\manifest.json",
        "hashed_secret": "348b12515d74324883575b280c55248d56f5ba80",
        "is_verified": false,
        "line_number": 45
      },
      {
        "type": "Hex High Entropy String",
        "filename": "probes\\prompt_test\\runs\\02_20260731T093512.437864Z\\manifest.json",
        "hashed_secret": "da8a3b46407c9ac1b0d29d660847ee955a45d03b",
        "is_verified": false,
        "line_number": 55
      },
      {
        "type": "Hex High Entropy String",
        "filename": "probes\\prompt_test\\runs\\02_20260731T093512.437864Z\\manifest.json",
        "hashed_secret": "43f02de318d3af82ecea2db26a9f1bf55fe27338",
        "is_verified": false,
        "line_number": 65
      },
      {
        "type": "Hex High Entropy String",
        "filename": "probes\\prompt_test\\runs\\02_20260731T093512.437864Z\\manifest.json",
        "hashed_secret": "e581daad9113b402925b188776834eb47d28fb47",
        "is_verified": false,
        "line_number": 75
      },
      {
        "type": "Hex High Entropy String",
        "filename": "probes\\prompt_test\\runs\\02_20260731T093512.437864Z\\manifest.json",
        "hashed_secret": "8371ef135f02d03368b08ac6a0fbc911ec260496",
        "is_verified": false,
        "line_number": 85
      },
      {
        "type": "Hex High Entropy String",
        "filename": "probes\\prompt_test\\runs\\02_20260731T093512.437864Z\\manifest.json",
        "hashed_secret": "6b3b901e4a2a8ecd552a91be5c1d8b33880143bd",
        "is_verified": false,
        "line_number": 95
      },
      {
        "type": "Hex High Entropy String",
        "filename": "probes\\prompt_test\\runs\\02_20260731T093512.437864Z\\manifest.json",
        "hashed_secret": "461a3348fe76dc37f0ee045a3563d1da181e9ab8",
        "is_verified": false,
        "line_number": 105
      },
      {
        "type": "Hex High Entropy String",
        "filename": "probes\\prompt_test\\runs\\02_20260731T093512.437864Z\\manifest.json",
        "hashed_secret": "b2dab7680a07c571d257c322842aadd7cdbabc79",
        "is_verified": false,
        "line_number": 115
      },
      {
        "type": "Hex High Entropy String",
        "filename": "probes\\prompt_test\\runs\\02_20260731T093512.437864Z\\manifest.json",
        "hashed_secret": "1c774e39b5e1f1127f391a50ae115a7752c6516e",
        "is_verified": false,
        "line_number": 125
      }
    ]
  },
  "generated_at": "2026-08-04T01:08:38Z"
}
